# Домашнее задание к занятию "3.5. Файловые системы"

## Задание

1. Узнайте о [sparse](https://ru.wikipedia.org/wiki/%D0%A0%D0%B0%D0%B7%D1%80%D0%B5%D0%B6%D1%91%D0%BD%D0%BD%D1%8B%D0%B9_%D1%84%D0%B0%D0%B9%D0%BB) (разряженных) файлах.

ознакомился

2. Могут ли файлы, являющиеся жесткой ссылкой на один объект, иметь разные права доступа и владельца? Почему?

не могут. потому что это ссылки на один и тот же inode на файловой системе, где и прописаны права и владелец.

3. Сделайте `vagrant destroy` на имеющийся инстанс Ubuntu. Замените содержимое Vagrantfile следующим:

    ```ruby
    path_to_disk_folder = './disks'

    host_params = {
        'disk_size' => 2560,
        'disks'=>[1, 2],
        'cpus'=>2,
        'memory'=>2048,
        'hostname'=>'sysadm-fs',
        'vm_name'=>'sysadm-fs'
    }
    Vagrant.configure("2") do |config|
        config.vm.box = "bento/ubuntu-20.04"
        config.vm.hostname=host_params['hostname']
        config.vm.provider :virtualbox do |v|

            v.name=host_params['vm_name']
            v.cpus=host_params['cpus']
            v.memory=host_params['memory']

            host_params['disks'].each do |disk|
                file_to_disk=path_to_disk_folder+'/disk'+disk.to_s+'.vdi'
                unless File.exist?(file_to_disk)
                    v.customize ['createmedium', '--filename', file_to_disk, '--size', host_params['disk_size']]
                end
                v.customize ['storageattach', :id, '--storagectl', 'SATA Controller', '--port', disk.to_s, '--device', 0, '--type', 'hdd', '--medium', file_to_disk]
            end
        end
        config.vm.network "private_network", type: "dhcp"
    end
    ```

    Данная конфигурация создаст новую виртуальную машину с двумя дополнительными неразмеченными дисками по 2.5 Гб.

4. Используя `fdisk`, разбейте первый диск на 2 раздела: 2 Гб, оставшееся пространство.
sudo fdisk /dev/sdb
Command (m for help): n
Partition type
   p   primary (0 primary, 0 extended, 4 free)
   e   extended (container for logical partitions)
Select (default p): p
Partition number (1-4, default 1): 1
First sector (2048-5242879, default 2048): 2048
Last sector, +/-sectors or +/-size{K,M,G,T,P} (2048-5242879, default 5242879): +2G
Created a new partition 1 of type 'Linux' and of size 2 GiB.

Command (m for help): n
Partition type
   p   primary (1 primary, 0 extended, 3 free)
   e   extended (container for logical partitions)
Select (default p): p
Partition number (2-4, default 2): 2
First sector (4196352-5242879, default 4196352): Enter
Last sector, +/-sectors or +/-size{K,M,G,T,P} (4196352-5242879, default 5242879): Enter
Created a new partition 2 of type 'Linux' and of size 511 MiB.

Command (m for help): w
The partition table has been altered.
Calling ioctl() to re-read partition table.
Syncing disks.

5. Используя `sfdisk`, перенесите данную таблицу разделов на второй диск.

 sudo sfdisk -d /dev/sdb > parts.txt
vagrant@sysadm-fs:~$ ls
node_exporter-1.5.0.linux-amd64  parts.txt
vagrant@sysadm-fs:~$ sudo sfdisk /dev/sdc < parts.txt
Checking that no-one is using this disk right now ... OK

Disk /dev/sdc: 2.51 GiB, 2684354560 bytes, 5242880 sectors
Disk model: VBOX HARDDISK
Units: sectors of 1 * 512 = 512 bytes
Sector size (logical/physical): 512 bytes / 512 bytes
I/O size (minimum/optimal): 512 bytes / 512 bytes

>>> Script header accepted.
>>> Script header accepted.
>>> Script header accepted.
>>> Script header accepted.
>>> Created a new DOS disklabel with disk identifier 0xc6485492.
/dev/sdc1: Created a new partition 1 of type 'Linux' and of size 2 GiB.
/dev/sdc2: Created a new partition 2 of type 'Linux' and of size 511 MiB.
/dev/sdc3: Done.

New situation:
Disklabel type: dos
Disk identifier: 0xc6485492

Device     Boot   Start     End Sectors  Size Id Type
/dev/sdc1          2048 4196351 4194304    2G 83 Linux
/dev/sdc2       4196352 5242879 1046528  511M 83 Linux

The partition table has been altered.
Calling ioctl() to re-read partition table.
Syncing disks.


6. Соберите `mdadm` RAID1 на паре разделов 2 Гб.

sudo mdadm --create --verbose /dev/md0 -l 1 -n 2 /dev/sd{b1,c1}
mdadm: Note: this array has metadata at the start and
    may not be suitable as a boot device.  If you plan to
    store '/boot' on this device please ensure that
    your boot-loader understands md/v1.x metadata, or use
    --metadata=0.90
mdadm: size set to 2094080K
Continue creating array? y
mdadm: Defaulting to version 1.2 metadata
mdadm: array /dev/md0 started.

7. Соберите `mdadm` RAID0 на второй паре маленьких разделов.
sudo mdadm --create --verbose /dev/md2 -l 0 -n 2 /dev/sd{b2,c2}
mdadm: chunk size defaults to 512K
mdadm: Defaulting to version 1.2 metadata
mdadm: array /dev/md2 started.

8. Создайте 2 независимых PV на получившихся md-устройствах.

vagrant@sysadm-fs:~$ sudo pvcreate /dev/md0
  Physical volume "/dev/md0" successfully created.

vagrant@sysadm-fs:~$ sudo pvcreate /dev/md2
  Physical volume "/dev/md2" successfully created.

9. Создайте общую volume-group на этих двух PV.

vagrant@sysadm-fs:~$ sudo vgcreate TEST /dev/md0 /dev/md2
  Volume group "TEST" successfully created

10. Создайте LV размером 100 Мб, указав его расположение на PV с RAID0.

vagrant@sysadm-fs:~$ sudo vgs
  VG        #PV #LV #SN Attr   VSize   VFree
  TEST        2   0   0 wz--n-  <2.99g <2.99g
  ubuntu-vg   1   1   0 wz--n- <62.50g 31.25g
vagrant@sysadm-fs:~$ sudo lvcreate -L 100M -ntom100 TEST /dev/md2
  Logical volume "tom100" created.
vagrant@sysadm-fs:~$ sudo vgs
  VG        #PV #LV #SN Attr   VSize   VFree
  TEST        2   1   0 wz--n-  <2.99g  2.89g
  ubuntu-vg   1   1   0 wz--n- <62.50g 31.25g

11. Создайте `mkfs.ext4` ФС на получившемся LV.

vagrant@sysadm-fs:~$ sudo fdisk -l
Disk /dev/mapper/TEST-tom100: 100 MiB, 104857600 bytes, 204800 sectors
Units: sectors of 1 * 512 = 512 bytes
Sector size (logical/physical): 512 bytes / 512 bytes
I/O size (minimum/optimal): 524288 bytes / 1048576 bytes

vagrant@sysadm-fs:~$ sudo mkfs.ext4 /dev/mapper/TEST-tom100
mke2fs 1.45.5 (07-Jan-2020)
Creating filesystem with 25600 4k blocks and 25600 inodes

Allocating group tables: done
Writing inode tables: done
Creating journal (1024 blocks): done
Writing superblocks and filesystem accounting information: done

12. Смонтируйте этот раздел в любую директорию, например, `/tmp/new`.

vagrant@sysadm-fs:~$ sudo mount /dev/mapper/TEST-tom100 /tmp/new

13. Поместите туда тестовый файл, например `wget https://mirror.yandex.ru/ubuntu/ls-lR.gz -O /tmp/new/test.gz`.

vagrant@sysadm-fs:/tmp/new$ ls
lost+found  test.gz

14. Прикрепите вывод `lsblk`.

vagrant@sysadm-fs:/tmp/new$ lsblk
NAME                      MAJ:MIN RM  SIZE RO TYPE  MOUNTPOINT
loop0                       7:0    0 61.9M  1 loop  /snap/core20/1328
loop1                       7:1    0 63.3M  1 loop  /snap/core20/1778
loop2                       7:2    0 91.9M  1 loop  /snap/lxd/24061
loop3                       7:3    0 67.2M  1 loop  /snap/lxd/21835
loop4                       7:4    0 49.6M  1 loop  /snap/snapd/17883
sda                         8:0    0   64G  0 disk
├─sda1                      8:1    0    1M  0 part
├─sda2                      8:2    0  1.5G  0 part  /boot
└─sda3                      8:3    0 62.5G  0 part
  └─ubuntu--vg-ubuntu--lv 253:0    0 31.3G  0 lvm   /
sdb                         8:16   0  2.5G  0 disk
├─sdb1                      8:17   0    2G  0 part
│ └─md0                     9:0    0    2G  0 raid1
└─sdb2                      8:18   0  511M  0 part
  └─md2                     9:2    0 1018M  0 raid0
    └─TEST-tom100         253:1    0  100M  0 lvm   /tmp/new
sdc                         8:32   0  2.5G  0 disk
├─sdc1                      8:33   0    2G  0 part
│ └─md0                     9:0    0    2G  0 raid1
└─sdc2                      8:34   0  511M  0 part
  └─md2                     9:2    0 1018M  0 raid0
    └─TEST-tom100         253:1    0  100M  0 lvm   /tmp/new

15. Протестируйте целостность файла:

    ```bash
    root@vagrant:~# gzip -t /tmp/new/test.gz
    root@vagrant:~# echo $?
    0
    ```

vagrant@sysadm-fs:/tmp/new$ gzip -t /tmp/new/test.gz
vagrant@sysadm-fs:/tmp/new$ echo $?
0


16. Используя pvmove, переместите содержимое PV с RAID0 на RAID1.

vagrant@sysadm-fs:~$ sudo pvmove -n tom100 /dev/md2 /dev/md0
  /dev/md2: Moved: 20.00%
  /dev/md2: Moved: 100.00%

17. Сделайте `--fail` на устройство в вашем RAID1 md.

vagrant@sysadm-fs:~$ sudo mdadm --fail /dev/md0 /dev/sdb1
mdadm: set /dev/sdb1 faulty in /dev/md0

18. Подтвердите выводом `dmesg`, что RAID1 работает в деградированном состоянии.

[89894.797738] md/raid1:md0: Disk failure on sdb1, disabling device.
               md/raid1:md0: Operation continuing on 1 devices.

19. Протестируйте целостность файла, несмотря на "сбойный" диск он должен продолжать быть доступен:

    ```bash
    root@vagrant:~# gzip -t /tmp/new/test.gz
    root@vagrant:~# echo $?
    0
    ```

vagrant@sysadm-fs:~$ gzip -t /tmp/new/test.gz
vagrant@sysadm-fs:~$ echo $?
0

20. Погасите тестовый хост, `vagrant destroy`.

уничтожу потом, как задание примут=)

*В качестве решения ответьте на вопросы и опишите, каким образом эти ответы были получены*

----